// Jest Snapshot v1, https://goo.gl/fbAQLP

exports[`List should render the complete List 1`] = `
<view
  class="at-list"
>
  <view
    class="at-list__item at-list__item--no-border"
  >
    <view
      class="at-list__item-container"
    >
      
      
      <view
        class="at-list__item-content item-content"
      >
        <view
          class="item-content__info"
        >
          <view
            class="item-content__info-title"
          >
            标题文字
          </view>
          
        </view>
      </view>
      <view
        class="at-list__item-extra item-extra"
      >
        
        
        <!---->
        
      </view>
    </view>
  </view>
  <view
    class="at-list__item at-list__item--no-border"
  >
    <view
      class="at-list__item-container"
    >
      
      
      <view
        class="at-list__item-content item-content"
      >
        <view
          class="item-content__info"
        >
          <view
            class="item-content__info-title"
          >
            标题文字
          </view>
          
        </view>
      </view>
      <view
        class="at-list__item-extra item-extra"
      >
        
        
        <!---->
        <view
          class="item-extra__icon"
        >
          <view
            class="at-icon item-extra__icon-arrow at-icon-chevron-right"
          />
        </view>
      </view>
    </view>
  </view>
  <view
    class="at-list__item at-list__item--multiple at-list__item--no-border"
  >
    <view
      class="at-list__item-container"
    >
      
      
      <view
        class="at-list__item-content item-content"
      >
        <view
          class="item-content__info"
        >
          <view
            class="item-content__info-title"
          >
            标题文字
          </view>
          <view
            class="item-content__info-note"
          >
            描述信息
          </view>
        </view>
      </view>
      <view
        class="at-list__item-extra item-extra"
      >
        
        
        <!---->
        
      </view>
    </view>
  </view>
  <view
    class="at-list__item at-list__item--disabled at-list__item--no-border"
  >
    <view
      class="at-list__item-container"
    >
      
      
      <view
        class="at-list__item-content item-content"
      >
        <view
          class="item-content__info"
        >
          <view
            class="item-content__info-title"
          >
            禁用状态
          </view>
          
        </view>
      </view>
      <view
        class="at-list__item-extra item-extra"
      >
        <view
          class="item-extra__info"
        >
          详细信息
        </view>
        
        <!---->
        
      </view>
    </view>
  </view>
  <view
    class="at-list__item at-list__item--multiple at-list__item--no-border"
  >
    <view
      class="at-list__item-container"
    >
      
      
      <view
        class="at-list__item-content item-content"
      >
        <view
          class="item-content__info"
        >
          <view
            class="item-content__info-title"
          >
            标题文字
          </view>
          <view
            class="item-content__info-note"
          >
            描述信息
          </view>
        </view>
      </view>
      <view
        class="at-list__item-extra item-extra"
      >
        
        
        <!---->
        <view
          class="item-extra__icon"
        >
          <view
            class="at-icon item-extra__icon-arrow at-icon-chevron-right"
          />
        </view>
      </view>
    </view>
  </view>
  <view
    class="at-list__item at-list__item--no-border"
  >
    <view
      class="at-list__item-container"
    >
      
      
      <view
        class="at-list__item-content item-content"
      >
        <view
          class="item-content__info"
        >
          <view
            class="item-content__info-title"
          >
            标题文字
          </view>
          
        </view>
      </view>
      <view
        class="at-list__item-extra item-extra"
      >
        <view
          class="item-extra__info"
        >
          详细信息
        </view>
        
        <!---->
        <view
          class="item-extra__icon"
        >
          <view
            class="at-icon item-extra__icon-arrow at-icon-chevron-right"
          />
        </view>
      </view>
    </view>
  </view>
  <view
    class="at-list__item at-list__item--multiple at-list__item--no-border"
  >
    <view
      class="at-list__item-container"
    >
      
      
      <view
        class="at-list__item-content item-content"
      >
        <view
          class="item-content__info"
        >
          <view
            class="item-content__info-title"
          >
            标题文字标题文字标题文字标题文字标题文字
          </view>
          <view
            class="item-content__info-note"
          >
            描述信息
          </view>
        </view>
      </view>
      <view
        class="at-list__item-extra item-extra"
      >
        <view
          class="item-extra__info"
        >
          详细信息详细信息详细信息详细信息
        </view>
        
        <!---->
        <view
          class="item-extra__icon"
        >
          <view
            class="at-icon item-extra__icon-arrow at-icon-chevron-right"
          />
        </view>
      </view>
    </view>
  </view>
  <view
    class="at-list__item at-list__item--thumb at-list__item--multiple at-list__item--no-border"
  >
    <view
      class="at-list__item-container"
    >
      <view
        class="at-list__item-thumb item-thumb"
      >
        <image
          class="item-thumb__info"
          mode="scaleToFill"
          src="http://img12.360buyimg.com/jdphoto/s72x72_jfs/t10660/330/203667368/1672/801735d7/59c85643N31e68303.png"
        />
      </view>
      
      <view
        class="at-list__item-content item-content"
      >
        <view
          class="item-content__info"
        >
          <view
            class="item-content__info-title"
          >
            标题文字
          </view>
          <view
            class="item-content__info-note"
          >
            描述信息
          </view>
        </view>
      </view>
      <view
        class="at-list__item-extra item-extra"
      >
        <view
          class="item-extra__info"
        >
          详细信息
        </view>
        
        <!---->
        <view
          class="item-extra__icon"
        >
          <view
            class="at-icon item-extra__icon-arrow at-icon-chevron-right"
          />
        </view>
      </view>
    </view>
  </view>
  <view
    class="at-list__item at-list__item--thumb at-list__item--multiple at-list__item--no-border"
  >
    <view
      class="at-list__item-container"
    >
      <view
        class="at-list__item-thumb item-thumb"
      >
        <image
          class="item-thumb__info"
          mode="scaleToFill"
          src="http://img12.360buyimg.com/jdphoto/s72x72_jfs/t10660/330/203667368/1672/801735d7/59c85643N31e68303.png"
        />
      </view>
      <view
        class="at-list__item-icon item-icon"
      >
        <view
          class="at-icon at-icon-calendar"
          style="color: rgb(120, 164, 250); font-size: 25px;"
        />
      </view>
      <view
        class="at-list__item-content item-content"
      >
        <view
          class="item-content__info"
        >
          <view
            class="item-content__info-title"
          >
            标题文字
          </view>
          <view
            class="item-content__info-note"
          >
            描述信息
          </view>
        </view>
      </view>
      <view
        class="at-list__item-extra item-extra"
      >
        <view
          class="item-extra__info"
        >
          详细信息
        </view>
        
        <!---->
        <view
          class="item-extra__icon"
        >
          <view
            class="at-icon item-extra__icon-arrow at-icon-chevron-right"
          />
        </view>
      </view>
    </view>
  </view>
  <view
    class="at-list__item at-list__item--no-border"
  >
    <view
      class="at-list__item-container"
    >
      
      
      <view
        class="at-list__item-content item-content"
      >
        <view
          class="item-content__info"
        >
          <view
            class="item-content__info-title"
          >
            标题文字
          </view>
          
        </view>
      </view>
      <view
        class="at-list__item-extra item-extra"
      >
        
        
        <view
          class="item-extra__switch"
        >
          <switch
            checked="false"
            color="#6190E8"
            disabled="false"
          />
        </view>
        
      </view>
    </view>
  </view>
  <view
    class="at-list__item at-list__item--disabled at-list__item--no-border"
  >
    <view
      class="at-list__item-container"
    >
      
      
      <view
        class="at-list__item-content item-content"
      >
        <view
          class="item-content__info"
        >
          <view
            class="item-content__info-title"
          >
            标题文字
          </view>
          
        </view>
      </view>
      <view
        class="at-list__item-extra item-extra"
      >
        
        
        <view
          class="item-extra__switch"
        >
          <switch
            checked="false"
            color="#6190E8"
            disabled="true"
          />
        </view>
        
      </view>
    </view>
  </view>
  <view
    class="at-list__item at-list__item--no-border"
  >
    <view
      class="at-list__item-container"
    >
      
      
      <view
        class="at-list__item-content item-content"
      >
        <view
          class="item-content__info"
        >
          <view
            class="item-content__info-title"
          >
            标题文字
          </view>
          
        </view>
      </view>
      <view
        class="at-list__item-extra item-extra"
      >
        
        
        <view
          class="item-extra__switch"
        >
          <switch
            checked="true"
            color="#6190E8"
            disabled="false"
          />
        </view>
        
      </view>
    </view>
  </view>
  <view
    class="at-list__item at-list__item--disabled at-list__item--no-border"
  >
    <view
      class="at-list__item-container"
    >
      
      
      <view
        class="at-list__item-content item-content"
      >
        <view
          class="item-content__info"
        >
          <view
            class="item-content__info-title"
          >
            标题文字
          </view>
          
        </view>
      </view>
      <view
        class="at-list__item-extra item-extra"
      >
        
        
        <view
          class="item-extra__switch"
        >
          <switch
            checked="true"
            color="#6190E8"
            disabled="true"
          />
        </view>
        
      </view>
    </view>
  </view>
</view>
`;

exports[`List should render the completed List -- no border 1`] = `
<view
  class="at-list at-list--no-border"
>
  <view
    class="at-list__item at-list__item--no-border"
  >
    <view
      class="at-list__item-container"
    >
      
      
      <view
        class="at-list__item-content item-content"
      >
        <view
          class="item-content__info"
        >
          <view
            class="item-content__info-title"
          >
            标题文字
          </view>
          
        </view>
      </view>
      <view
        class="at-list__item-extra item-extra"
      >
        
        
        <!---->
        
      </view>
    </view>
  </view>
  <view
    class="at-list__item at-list__item--no-border"
  >
    <view
      class="at-list__item-container"
    >
      
      
      <view
        class="at-list__item-content item-content"
      >
        <view
          class="item-content__info"
        >
          <view
            class="item-content__info-title"
          >
            标题文字
          </view>
          
        </view>
      </view>
      <view
        class="at-list__item-extra item-extra"
      >
        
        
        <!---->
        
      </view>
    </view>
  </view>
</view>
`;
